
> fazendas-dona-olga@0.1.0 dev
> next dev --hostname 0.0.0.0

▲ Next.js 16.2.6 (Turbopack)
- Local:         http://localhost:3000
- Network:       http://0.0.0.0:3000
✓ Ready in 528ms

○ Compiling /login ...
 GET /login 200 in 6.4s (next.js: 6.2s, proxy.ts: 4ms, application-code: 156ms)
 GET /login 200 in 32ms (next.js: 3ms, proxy.ts: 4ms, application-code: 25ms)
 POST /api/auth/login 500 in 495ms (next.js: 457ms, application-code: 37ms)
 POST /api/auth/login 500 in 10ms (next.js: 3ms, application-code: 7ms)
 POST /api/auth/login 500 in 9ms (next.js: 3ms, application-code: 7ms)
 POST /api/auth/login 500 in 7ms (next.js: 2ms, application-code: 5ms)
 POST /api/auth/login 200 in 11ms (next.js: 2ms, application-code: 9ms)
 POST /api/auth/login 200 in 6ms (next.js: 2ms, application-code: 4ms)
 GET /menu 200 in 447ms (next.js: 370ms, proxy.ts: 35ms, application-code: 41ms)
 POST /api/auth/login 401 in 5ms (next.js: 1824µs, application-code: 3ms)
 GET /login 200 in 54ms (next.js: 5ms, proxy.ts: 4ms, application-code: 45ms)
 POST /api/auth/login 200 in 11ms (next.js: 5ms, application-code: 5ms)
 GET /menu 200 in 39ms (next.js: 3ms, proxy.ts: 12ms, application-code: 23ms)
 GET /menu 200 in 43ms (next.js: 6ms, proxy.ts: 6ms, application-code: 31ms)
 GET /em-construcao 200 in 465ms (next.js: 435ms, proxy.ts: 4ms, application-code: 26ms)
 GET /em-construcao 200 in 35ms (next.js: 5ms, proxy.ts: 5ms, application-code: 25ms)
 GET /em-construcao 200 in 31ms (next.js: 4ms, proxy.ts: 5ms, application-code: 22ms)
 GET /em-construcao 200 in 31ms (next.js: 3ms, proxy.ts: 6ms, application-code: 21ms)
 GET /em-construcao 200 in 23ms (next.js: 4ms, proxy.ts: 4ms, application-code: 15ms)
 POST /api/auth/logout 200 in 244ms (next.js: 235ms, application-code: 9ms)
 GET /login 200 in 30ms (next.js: 4ms, proxy.ts: 5ms, application-code: 22ms)
 GET /login 200 in 55ms (next.js: 10ms, proxy.ts: 8ms, application-code: 38ms)
 POST /api/auth/login 200 in 6ms (next.js: 1859µs, application-code: 5ms)
 GET /menu 200 in 56ms (next.js: 4ms, proxy.ts: 5ms, application-code: 47ms)
 GET /menu 200 in 56ms (next.js: 26ms, proxy.ts: 5ms, application-code: 25ms)
